
> frontend@0.1.0 test
> react-scripts test src/components/BackButton.test.js --watchAll=false

node.exe : FAIL src/com
ponents/BackButton.test
.js
At line:1 char:1
+ & "D:\Node_Compiler\c
ompiler/node.exe" "C:\U
sers\gagan\AppData\Roam
in ...
+ ~~~~~~~~~~~~~~~~~~~~~
~~~~~~~~~~~~~~~~~~~~~~~
~~~~~~~~~~~~~~~~~~~~~~~
~~
    + CategoryInfo     
         : 
NotSpecified: (FAI    
L src/components/BackB 
   
utton.test.js:String)  
   [], RemoteException
    + 
FullyQualifiedErrorI   
 d : NativeCommandError
 
  ΓùÅ Test suite 
failed to run

    Cannot find module 
'react-router-dom' 
from 'src/components/Ba
ckButton.test.js'

    [0m [90m  6 
|[39m [36mconst[39m 
mockNavigate 
[33m=[39m jest[33m.
[39mfn()[33m;[39m
     [90m  7 |[39m
    [31m[1m>[22m[39
m[90m  8 |[39m jest[
33m.[39mmock([32m"rea
ct-router-dom"[39m[33
m,[39m () 
[33m=>[39m ({
     [90m    |[39m   
   [31m[1m^[22m[39m
     [90m  9 |[39m   
[33m...[39mjest[33m.
[39mrequireActual([32
m"react-router-dom"[39
m)[33m,[39m
     [90m 10 |[39m   
useNavigate[33m:[39m 
() [33m=>[39m 
mockNavigate[33m,[39m
     [90m 11 |[39m 
}))[33m;[39m[0m

      at 
Resolver.resolveModule 
(node_modules/jest-reso
lve/build/resolver.js:3
24:11)
      at 
Object.<anonymous> (src
/components/BackButton.
test.js:8:6)
      at TestScheduler.
scheduleTests (node_mod
ules/@jest/core/build/T
estScheduler.js:333:13)
      at runJest (node_
modules/@jest/core/buil
d/runJest.js:404:19)
      at _run10000 (nod
e_modules/@jest/core/bu
ild/cli/index.js:320:7)
      at runCLI (node_m
odules/@jest/core/build
/cli/index.js:173:3)

Test Suites: 1 failed, 
1 total
Tests:       0 total
Snapshots:   0 total
Time:        0.804 s
Ran all test suites 
matching /src\\componen
ts\\BackButton.test.js/
i.
